Processing esp32s3_dev (platform: espressif32; framework: espidf; board: esp32-s3-devkitc-1)
--------------------------------------------------------------------------------
Verbose mode can be enabled via `-v, --verbose` option
CONFIGURATION: https://docs.platformio.org/page/boards/espressif32/esp32-s3-devkitc-1.html
PLATFORM: Espressif 32 (7.0.1) > Espressif ESP32-S3-DevKitC-1-N8 (8 MB QD, No PSRAM)
HARDWARE: ESP32S3 240MHz, 320KB RAM, 8MB Flash
DEBUG: Current (esp-builtin) On-board (esp-builtin) External (cmsis-dap, esp-bridge, esp-prog, iot-bus-jtag, jlink, minimodule, olimex-arm-usb-ocd, olimex-arm-usb-ocd-h, olimex-arm-usb-tiny-h, olimex-jtag-tiny, tumpa)
PACKAGES: 
 - framework-espidf @ 4.60001.0 (6.0.1) 
 - tool-cmake @ 3.30.2 
 - tool-esp-rom-elfs @ 0.0.1+20241011 
 - tool-esptoolpy @ 2.41100.0 (4.11.0) 
 - tool-ninja @ 1.7.1 
 - tool-riscv32-esp-elf-gdb @ 12.1.0+20221002 
 - tool-xtensa-esp-elf-gdb @ 12.1.0+20221002 
 - toolchain-esp32ulp @ 1.23800.240113 (2.38.0) 
 - toolchain-riscv32-esp @ 15.2.0+20251204 
 - toolchain-xtensa-esp-elf @ 15.2.0+20251204
Reading CMake configuration...
LDF: Library Dependency Finder -> https://bit.ly/configure-pio-ldf
LDF Modes: Finder ~ chain, Compatibility ~ soft
Found 15 compatible libraries
Scanning dependencies...
Dependency Graph
|-- buttons
|-- chat
|-- config
|-- crypto
|-- display
|-- ui
|-- events
|-- policy
|-- price
|-- storage
|-- wallet
|-- wallet_manager
|-- weather
|-- wifi
Building in release mode
Compiling .pio/build/esp32s3_dev/src/main.cpp.o
Archiving .pio/build/esp32s3_dev/esp-idf/esp_driver_uart/libesp_driver_uart.a
Archiving .pio/build/esp32s3_dev/esp-idf/esp_driver_usb_serial_jtag/libesp_driver_usb_serial_jtag.a
Indexing .pio/build/esp32s3_dev/esp-idf/esp_driver_uart/libesp_driver_uart.a
Indexing .pio/build/esp32s3_dev/esp-idf/esp_driver_usb_serial_jtag/libesp_driver_usb_serial_jtag.a
Archiving .pio/build/esp32s3_dev/esp-idf/esp_eth/libesp_eth.a
Archiving .pio/build/esp32s3_dev/esp-idf/esp_event/libesp_event.a
Indexing .pio/build/esp32s3_dev/esp-idf/esp_eth/libesp_eth.a
In file included from src/../lib/config/Config.hpp:9,
                 from src/main.cpp:13:
/home/pranjal/.platformio/packages/framework-espidf/components/driver/i2c/include/driver/i2c.h:29:103: note: '#pragma message: 
================================ CRITICAL WARNING ================================
This legacy I2C driver (driver/i2c.h) is officially END-OF-LIFE (EOL) as of ESP-IDF v6.0.

1. NO SUPPORT: ESP-IDF will not provide updates, bug fixes, or security patches timely.
2. PLANNED REMOVAL: This driver WILL BE REMOVED in ESP-IDF v7.0 (next major release).
3. ACTION REQUIRED: Migrate to 'driver/i2c_master.h' or 'driver/i2c_slave.h' immediately.
   - If you are a library maintainer, please update your code.
   - If you are using 3rd-party libraries, contact the authors for updates.

4. SUPPRESS WARNING: Set Kconfig 'CONFIG_I2C_SUPPRESS_DEPRECATE_WARN=y' to silent
   this warning. However, by doing so, YOU ASSUME ALL RISKS including potential
   security vulnerabilities, system instability, and future incompatibility.

For API reference of the new I2C driver, see: https://docs.espressif.com/projects/esp-idf/en/latest/esp32/api-reference/peripherals/i2c.html
For other items about migration, see: https://docs.espressif.com/projects/esp-idf/en/latest/esp32/migration-guides/index.html
==================================================================================
   '
   29 |                 "==================================================================================\n")
      |                                                                                                       ^
Indexing .pio/build/esp32s3_dev/esp-idf/esp_event/libesp_event.a
Compiling .pio/build/esp32s3_dev/esp_gdbstub/src/gdbstub_transport.c.o
Compiling .pio/build/esp32s3_dev/esp_gdbstub/src/packet.c.o
Compiling .pio/build/esp32s3_dev/esp_gdbstub/src/port/xtensa/gdbstub_xtensa.c.o
Compiling .pio/build/esp32s3_dev/esp_gdbstub/src/port/xtensa/gdbstub-entry.S.o
Compiling .pio/build/esp32s3_dev/esp_gdbstub/src/port/xtensa/xt_debugexception.S.o
Compiling .pio/build/esp32s3_dev/esp_hal_ana_conv/esp32s3/adc_periph.c.o
Compiling .pio/build/esp32s3_dev/esp_hal_ana_conv/adc_hal_common.c.o
Compiling .pio/build/esp32s3_dev/esp_hal_ana_conv/adc_oneshot_hal.c.o
Compiling .pio/build/esp32s3_dev/esp_hal_ana_conv/adc_hal.c.o
Compiling .pio/build/esp32s3_dev/esp_hal_ana_conv/temperature_sensor_hal.c.o
Compiling .pio/build/esp32s3_dev/esp_hal_ana_conv/esp32s3/temperature_sensor_periph.c.o
Compiling .pio/build/esp32s3_dev/esp_hal_cam/cam_hal.c.o
Compiling .pio/build/esp32s3_dev/esp_hal_cam/esp32s3/cam_periph.c.o
Compiling .pio/build/esp32s3_dev/esp_hal_clock/esp32s3/clk_tree_hal.c.o
Compiling .pio/build/esp32s3_dev/esp_hal_dma/gdma_hal_top.c.o
Archiving .pio/build/esp32s3_dev/esp-idf/esp_gdbstub/libesp_gdbstub.a
Compiling .pio/build/esp32s3_dev/esp_hal_dma/esp32s3/gdma_periph.c.o
Indexing .pio/build/esp32s3_dev/esp-idf/esp_gdbstub/libesp_gdbstub.a
Compiling .pio/build/esp32s3_dev/esp_hal_dma/gdma_hal_ahb_v1.c.o
Compiling .pio/build/esp32s3_dev/esp_hal_gpio/gpio_hal.c.o
Compiling .pio/build/esp32s3_dev/esp_hal_gpio/rtc_io_hal.c.o
Archiving .pio/build/esp32s3_dev/esp-idf/esp_hal_cam/libesp_hal_cam.a
Compiling .pio/build/esp32s3_dev/esp_hal_gpio/esp32s3/rtc_io_periph.c.o
Indexing .pio/build/esp32s3_dev/esp-idf/esp_hal_cam/libesp_hal_cam.a
Compiling .pio/build/esp32s3_dev/esp_hal_gpio/esp32s3/dedic_gpio_periph.c.o
Compiling .pio/build/esp32s3_dev/esp_hal_gpio/sdm_hal.c.o
Archiving .pio/build/esp32s3_dev/esp-idf/esp_hal_clock/libesp_hal_clock.a
Archiving .pio/build/esp32s3_dev/esp-idf/esp_hal_ana_conv/libesp_hal_ana_conv.a
Indexing .pio/build/esp32s3_dev/esp-idf/esp_hal_clock/libesp_hal_clock.a
Compiling .pio/build/esp32s3_dev/esp_hal_gpio/esp32s3/sdm_periph.c.o
Indexing .pio/build/esp32s3_dev/esp-idf/esp_hal_ana_conv/libesp_hal_ana_conv.a
Compiling .pio/build/esp32s3_dev/esp_hal_gpspi/esp32s3/spi_periph.c.o
Compiling .pio/build/esp32s3_dev/esp_hal_gpspi/spi_hal.c.o
Compiling .pio/build/esp32s3_dev/esp_hal_gpspi/spi_hal_iram.c.o
Compiling .pio/build/esp32s3_dev/esp_hal_gpspi/spi_slave_hal.c.o
Archiving .pio/build/esp32s3_dev/esp-idf/esp_hal_dma/libesp_hal_dma.a
Archiving .pio/build/esp32s3_dev/esp-idf/esp_hal_gpio/libesp_hal_gpio.a
Compiling .pio/build/esp32s3_dev/esp_hal_gpspi/spi_slave_hal_iram.c.o
Indexing .pio/build/esp32s3_dev/esp-idf/esp_hal_dma/libesp_hal_dma.a
Indexing .pio/build/esp32s3_dev/esp-idf/esp_hal_gpio/libesp_hal_gpio.a
Compiling .pio/build/esp32s3_dev/esp_hal_gpspi/spi_slave_hd_hal.c.o
Compiling .pio/build/esp32s3_dev/esp_hal_i2c/i2c_hal.c.o
Compiling .pio/build/esp32s3_dev/esp_hal_i2c/i2c_hal_iram.c.o
Compiling .pio/build/esp32s3_dev/esp_hal_i2c/esp32s3/i2c_periph.c.o
Compiling .pio/build/esp32s3_dev/esp_hal_i2s/i2s_hal.c.o
Compiling .pio/build/esp32s3_dev/esp_hal_i2s/esp32s3/i2s_periph.c.o
Compiling .pio/build/esp32s3_dev/esp_hal_lcd/lcd_hal.c.o
Compiling .pio/build/esp32s3_dev/esp_hal_lcd/esp32s3/lcd_periph.c.o
Compiling .pio/build/esp32s3_dev/esp_hal_ledc/ledc_hal.c.o
Compiling .pio/build/esp32s3_dev/esp_hal_ledc/ledc_hal_iram.c.o
Compiling .pio/build/esp32s3_dev/esp_hal_ledc/esp32s3/ledc_periph.c.o
Compiling .pio/build/esp32s3_dev/esp_hal_mcpwm/mcpwm_hal.c.o
Archiving .pio/build/esp32s3_dev/esp-idf/esp_hal_i2c/libesp_hal_i2c.a
Compiling .pio/build/esp32s3_dev/esp_hal_mcpwm/esp32s3/mcpwm_periph.c.o
Indexing .pio/build/esp32s3_dev/esp-idf/esp_hal_i2c/libesp_hal_i2c.a
Compiling .pio/build/esp32s3_dev/esp_hal_mspi/spi_flash_hal.c.o
Archiving .pio/build/esp32s3_dev/esp-idf/esp_hal_gpspi/libesp_hal_gpspi.a
Archiving .pio/build/esp32s3_dev/esp-idf/esp_hal_lcd/libesp_hal_lcd.a
Compiling .pio/build/esp32s3_dev/esp_hal_mspi/spi_flash_hal_iram.c.o
Indexing .pio/build/esp32s3_dev/esp-idf/esp_hal_lcd/libesp_hal_lcd.a
Archiving .pio/build/esp32s3_dev/esp-idf/esp_hal_ledc/libesp_hal_ledc.a
Indexing .pio/build/esp32s3_dev/esp-idf/esp_hal_gpspi/libesp_hal_gpspi.a
Compiling .pio/build/esp32s3_dev/esp_hal_mspi/spi_flash_encrypt_hal_iram.c.o
Indexing .pio/build/esp32s3_dev/esp-idf/esp_hal_ledc/libesp_hal_ledc.a
Compiling .pio/build/esp32s3_dev/esp_hal_mspi/spi_flash_hal_gpspi.c.o
Compiling .pio/build/esp32s3_dev/esp_hal_pcnt/pcnt_hal.c.o
Archiving .pio/build/esp32s3_dev/esp-idf/esp_hal_mcpwm/libesp_hal_mcpwm.a
Archiving .pio/build/esp32s3_dev/esp-idf/esp_hal_i2s/libesp_hal_i2s.a
Compiling .pio/build/esp32s3_dev/esp_hal_pcnt/esp32s3/pcnt_periph.c.o
Indexing .pio/build/esp32s3_dev/esp-idf/esp_hal_i2s/libesp_hal_i2s.a
Indexing .pio/build/esp32s3_dev/esp-idf/esp_hal_mcpwm/libesp_hal_mcpwm.a
Compiling .pio/build/esp32s3_dev/esp_hal_pmu/esp32s3/rtc_cntl_hal.c.o
Compiling .pio/build/esp32s3_dev/esp_hal_pmu/brownout_hal.c.o
Compiling .pio/build/esp32s3_dev/esp_hal_rmt/rmt_hal.c.o
Compiling .pio/build/esp32s3_dev/esp_hal_rmt/esp32s3/rmt_periph.c.o
Archiving .pio/build/esp32s3_dev/esp-idf/esp_hal_pcnt/libesp_hal_pcnt.a
Compiling .pio/build/esp32s3_dev/esp_hal_sd/sdmmc_hal.c.o
Indexing .pio/build/esp32s3_dev/esp-idf/esp_hal_pcnt/libesp_hal_pcnt.a
Compiling .pio/build/esp32s3_dev/esp_hal_sd/esp32s3/sdmmc_periph.c.o
Compiling .pio/build/esp32s3_dev/esp_hal_security/mpi_hal.c.o
Compiling .pio/build/esp32s3_dev/esp_hal_security/sha_hal.c.o
Compiling .pio/build/esp32s3_dev/esp_hal_security/aes_hal.c.o
Archiving .pio/build/esp32s3_dev/esp-idf/esp_hal_pmu/libesp_hal_pmu.a
Archiving .pio/build/esp32s3_dev/esp-idf/esp_hal_rmt/libesp_hal_rmt.a
Indexing .pio/build/esp32s3_dev/esp-idf/esp_hal_pmu/libesp_hal_pmu.a
Archiving .pio/build/esp32s3_dev/esp-idf/esp_hal_mspi/libesp_hal_mspi.a
Archiving .pio/build/esp32s3_dev/esp-idf/esp_hal_sd/libesp_hal_sd.a
Indexing .pio/build/esp32s3_dev/esp-idf/esp_hal_rmt/libesp_hal_rmt.a
Indexing .pio/build/esp32s3_dev/esp-idf/esp_hal_sd/libesp_hal_sd.a
Indexing .pio/build/esp32s3_dev/esp-idf/esp_hal_mspi/libesp_hal_mspi.a
Compiling .pio/build/esp32s3_dev/esp_hal_security/hmac_hal.c.o
Compiling .pio/build/esp32s3_dev/esp_hal_security/ds_hal.c.o
Compiling .pio/build/esp32s3_dev/esp_hal_security/mpu_hal.c.o
Compiling .pio/build/esp32s3_dev/esp_hal_timg/timer_hal.c.o
Compiling .pio/build/esp32s3_dev/esp_hal_timg/esp32s3/timer_periph.c.o
Compiling .pio/build/esp32s3_dev/esp_hal_touch_sens/esp32s3/touch_sensor_legacy_hal.c.o
Compiling .pio/build/esp32s3_dev/esp_hal_touch_sens/touch_sensor_legacy_hal.c.o
Compiling .pio/build/esp32s3_dev/esp_hal_touch_sens/touch_sens_hal.c.o
Compiling .pio/build/esp32s3_dev/esp_hal_touch_sens/esp32s3/touch_sensor_periph.c.o
Compiling .pio/build/esp32s3_dev/esp_hal_twai/esp32s3/twai_periph.c.o
Archiving .pio/build/esp32s3_dev/esp-idf/esp_hal_security/libesp_hal_security.a
Archiving .pio/build/esp32s3_dev/esp-idf/esp_hal_timg/libesp_hal_timg.a
Indexing .pio/build/esp32s3_dev/esp-idf/esp_hal_security/libesp_hal_security.a
Compiling .pio/build/esp32s3_dev/esp_hal_twai/twai_hal_v1.c.o
Indexing .pio/build/esp32s3_dev/esp-idf/esp_hal_timg/libesp_hal_timg.a
Compiling .pio/build/esp32s3_dev/esp_hal_uart/uart_hal.c.o
Compiling .pio/build/esp32s3_dev/esp_hal_uart/uart_hal_iram.c.o
Compiling .pio/build/esp32s3_dev/esp_hal_uart/esp32s3/uart_periph.c.o
Compiling .pio/build/esp32s3_dev/esp_hal_uart/uhci_hal.c.o
Compiling .pio/build/esp32s3_dev/esp_hal_usb/usb_dwc_hal.c.o
Compiling .pio/build/esp32s3_dev/esp_hal_usb/usb_wrap_hal.c.o
Archiving .pio/build/esp32s3_dev/esp-idf/esp_hal_touch_sens/libesp_hal_touch_sens.a
Compiling .pio/build/esp32s3_dev/esp_hal_usb/esp32s3/usb_dwc_periph.c.o
Compiling .pio/build/esp32s3_dev/esp_hal_usb/usb_serial_jtag_hal.c.o
Indexing .pio/build/esp32s3_dev/esp-idf/esp_hal_touch_sens/libesp_hal_touch_sens.a
Compiling .pio/build/esp32s3_dev/esp_hal_wdt/esp32s3/mwdt_periph.c.o
Compiling .pio/build/esp32s3_dev/esp_hal_wdt/rom_patch.c.o
Compiling .pio/build/esp32s3_dev/esp_hal_wdt/xt_wdt_hal.c.o
Compiling .pio/build/esp32s3_dev/esp_hid/src/esp_hidd.c.o
Archiving .pio/build/esp32s3_dev/esp-idf/esp_hal_uart/libesp_hal_uart.a
Archiving .pio/build/esp32s3_dev/esp-idf/esp_hal_twai/libesp_hal_twai.a
Indexing .pio/build/esp32s3_dev/esp-idf/esp_hal_twai/libesp_hal_twai.a
Indexing .pio/build/esp32s3_dev/esp-idf/esp_hal_uart/libesp_hal_uart.a
Compiling .pio/build/esp32s3_dev/esp_hid/src/esp_hidh.c.o
Compiling .pio/build/esp32s3_dev/esp_hid/src/esp_hid_common.c.o
Compiling .pio/build/esp32s3_dev/esp_http_client/esp_http_client.c.o
Archiving .pio/build/esp32s3_dev/esp-idf/esp_hal_usb/libesp_hal_usb.a
Archiving .pio/build/esp32s3_dev/esp-idf/esp_hal_wdt/libesp_hal_wdt.a
Compiling .pio/build/esp32s3_dev/esp_http_client/lib/http_auth.c.o
Indexing .pio/build/esp32s3_dev/esp-idf/esp_hal_wdt/libesp_hal_wdt.a
Indexing .pio/build/esp32s3_dev/esp-idf/esp_hal_usb/libesp_hal_usb.a
Compiling .pio/build/esp32s3_dev/esp_http_client/lib/http_header.c.o
Compiling .pio/build/esp32s3_dev/esp_http_client/lib/http_utils.c.o
Compiling .pio/build/esp32s3_dev/esp_http_server/src/httpd_main.c.o
Compiling .pio/build/esp32s3_dev/esp_http_server/src/httpd_parse.c.o
Compiling .pio/build/esp32s3_dev/esp_http_server/src/httpd_sess.c.o
Compiling .pio/build/esp32s3_dev/esp_http_server/src/httpd_txrx.c.o
Compiling .pio/build/esp32s3_dev/esp_http_server/src/httpd_uri.c.o
Archiving .pio/build/esp32s3_dev/esp-idf/esp_hid/libesp_hid.a
Indexing .pio/build/esp32s3_dev/esp-idf/esp_hid/libesp_hid.a
Compiling .pio/build/esp32s3_dev/esp_http_server/src/httpd_ws.c.o
Compiling .pio/build/esp32s3_dev/esp_http_server/src/util/ctrl_sock.c.o
Compiling .pio/build/esp32s3_dev/esp_https_ota/src/esp_https_ota.c.o
Compiling .pio/build/esp32s3_dev/esp_https_server/src/https_server.c.o
Compiling .pio/build/esp32s3_dev/esp_hw_support/cpu.c.o
Compiling .pio/build/esp32s3_dev/esp_hw_support/port/esp32s3/esp_cpu_intr.c.o
Compiling .pio/build/esp32s3_dev/esp_hw_support/esp_memory_utils.c.o
Compiling .pio/build/esp32s3_dev/esp_hw_support/port/esp32s3/cpu_region_protect.c.o
Compiling .pio/build/esp32s3_dev/esp_hw_support/esp_clk.c.o
Compiling .pio/build/esp32s3_dev/esp_hw_support/clk_ctrl_os.c.o
Compiling .pio/build/esp32s3_dev/esp_hw_support/hw_random.c.o
Compiling .pio/build/esp32s3_dev/esp_hw_support/intr_alloc.c.o
Compiling .pio/build/esp32s3_dev/esp_hw_support/mac_addr.c.o
Compiling .pio/build/esp32s3_dev/esp_hw_support/periph_ctrl.c.o
Archiving .pio/build/esp32s3_dev/esp-idf/esp_http_server/libesp_http_server.a
Compiling .pio/build/esp32s3_dev/esp_hw_support/revision.c.o
Indexing .pio/build/esp32s3_dev/esp-idf/esp_http_server/libesp_http_server.a
Compiling .pio/build/esp32s3_dev/esp_hw_support/rtc_module.c.o
Compiling .pio/build/esp32s3_dev/esp_hw_support/regi2c_ctrl.c.o
Compiling .pio/build/esp32s3_dev/esp_hw_support/esp_gpio_reserve.c.o
Compiling .pio/build/esp32s3_dev/esp_hw_support/sar_tsens_ctrl.c.o
Compiling .pio/build/esp32s3_dev/esp_hw_support/port/esp32s3/io_mux.c.o
Archiving .pio/build/esp32s3_dev/esp-idf/esp_https_ota/libesp_https_ota.a
Archiving .pio/build/esp32s3_dev/esp-idf/esp_https_server/libesp_https_server.a
Compiling .pio/build/esp32s3_dev/esp_hw_support/port/esp32s3/esp_clk_tree.c.o
Indexing .pio/build/esp32s3_dev/esp-idf/esp_https_server/libesp_https_server.a
Indexing .pio/build/esp32s3_dev/esp-idf/esp_https_ota/libesp_https_ota.a
Compiling .pio/build/esp32s3_dev/esp_hw_support/spi_bus_lock.c.o
Compiling .pio/build/esp32s3_dev/esp_hw_support/heap_align_hw.c.o
Compiling .pio/build/esp32s3_dev/esp_hw_support/clk_utils.c.o
Compiling .pio/build/esp32s3_dev/esp_hw_support/usb_phy/usb_phy.c.o
Compiling .pio/build/esp32s3_dev/esp_hw_support/port/esp_clk_tree_common.c.o
Compiling .pio/build/esp32s3_dev/esp_hw_support/spi_share_hw_ctrl.c.o
Compiling .pio/build/esp32s3_dev/esp_hw_support/adc_share_hw_ctrl.c.o
Archiving .pio/build/esp32s3_dev/esp-idf/esp_http_client/libesp_http_client.a
Indexing .pio/build/esp32s3_dev/esp-idf/esp_http_client/libesp_http_client.a
Compiling .pio/build/esp32s3_dev/esp_hw_support/sleep_modem.c.o
Compiling .pio/build/esp32s3_dev/esp_hw_support/sleep_modes.c.o
Compiling .pio/build/esp32s3_dev/esp_hw_support/sleep_uart.c.o
Compiling .pio/build/esp32s3_dev/esp_hw_support/sleep_console.c.o
Compiling .pio/build/esp32s3_dev/esp_hw_support/sleep_mspi.c.o
Compiling .pio/build/esp32s3_dev/esp_hw_support/sleep_usb.c.o
Compiling .pio/build/esp32s3_dev/esp_hw_support/sleep_gpio.c.o
Compiling .pio/build/esp32s3_dev/esp_hw_support/sleep_event.c.o
Compiling .pio/build/esp32s3_dev/esp_hw_support/port/esp32s3/systimer.c.o
Compiling .pio/build/esp32s3_dev/esp_hw_support/mspi_timing_tuning/mspi_timing_tuning.c.o
Compiling .pio/build/esp32s3_dev/esp_hw_support/sleep_wake_stub.c.o
Compiling .pio/build/esp32s3_dev/esp_hw_support/esp_clock_output.c.o
Compiling .pio/build/esp32s3_dev/esp_hw_support/power_supply/brownout.c.o
Compiling .pio/build/esp32s3_dev/esp_hw_support/port/esp32s3/rtc_clk.c.o
Compiling .pio/build/esp32s3_dev/esp_hw_support/port/esp32s3/rtc_clk_init.c.o
Compiling .pio/build/esp32s3_dev/esp_hw_support/port/esp32s3/rtc_init.c.o
Compiling .pio/build/esp32s3_dev/esp_hw_support/port/esp32s3/rtc_sleep.c.o
Compiling .pio/build/esp32s3_dev/esp_hw_support/port/esp32s3/rtc_time.c.o
Compiling .pio/build/esp32s3_dev/esp_hw_support/port/esp32s3/chip_info.c.o
Compiling .pio/build/esp32s3_dev/esp_hw_support/port/esp32s3/sar_periph_ctrl.c.o
Compiling .pio/build/esp32s3_dev/esp_hw_support/port/esp32s3/esp_memprot.c.o
Compiling .pio/build/esp32s3_dev/esp_hw_support/port/esp_memprot_conv.c.o
Compiling .pio/build/esp32s3_dev/esp_hw_support/mspi_timing_tuning/port/esp32s3/mspi_timing_config.c.o
Compiling .pio/build/esp32s3_dev/esp_hw_support/mspi_timing_tuning/port/esp32s3/mspi_timing_by_mspi_delay.c.o
Compiling .pio/build/esp32s3_dev/esp_hw_support/lowpower/port/esp32s3/sleep_cpu.c.o
Compiling .pio/build/esp32s3_dev/esp_lcd/src/esp_lcd_common.c.o
Compiling .pio/build/esp32s3_dev/esp_lcd/src/esp_lcd_panel_io.c.o
Compiling .pio/build/esp32s3_dev/esp_lcd/src/esp_lcd_panel_ssd1306.c.o
Compiling .pio/build/esp32s3_dev/esp_lcd/src/esp_lcd_panel_st7789.c.o
Compiling .pio/build/esp32s3_dev/esp_lcd/src/esp_lcd_panel_ops.c.o
Compiling .pio/build/esp32s3_dev/esp_lcd/i2c/esp_lcd_panel_io_i2c.c.o
Compiling .pio/build/esp32s3_dev/esp_lcd/spi/esp_lcd_panel_io_spi.c.o
Compiling .pio/build/esp32s3_dev/esp_lcd/i80/esp_lcd_panel_io_i80.c.o
Compiling .pio/build/esp32s3_dev/esp_lcd/rgb/esp_lcd_panel_rgb.c.o
Compiling .pio/build/esp32s3_dev/esp_libc/src/init.c.o
Compiling .pio/build/esp32s3_dev/esp_libc/src/abort.c.o
Compiling .pio/build/esp32s3_dev/esp_libc/src/assert.c.o
Compiling .pio/build/esp32s3_dev/esp_libc/src/heap.c.o
Compiling .pio/build/esp32s3_dev/esp_libc/src/locks.c.o
Compiling .pio/build/esp32s3_dev/esp_libc/src/poll.c.o
Compiling .pio/build/esp32s3_dev/esp_libc/src/pthread.c.o
Compiling .pio/build/esp32s3_dev/esp_libc/src/random.c.o
Compiling .pio/build/esp32s3_dev/esp_libc/src/getentropy.c.o
Compiling .pio/build/esp32s3_dev/esp_libc/src/termios.c.o
Compiling .pio/build/esp32s3_dev/esp_libc/src/stdatomic.c.o
Compiling .pio/build/esp32s3_dev/esp_libc/src/time.c.o
Compiling .pio/build/esp32s3_dev/esp_libc/src/sysconf.c.o
Compiling .pio/build/esp32s3_dev/esp_libc/src/realpath.c.o
Compiling .pio/build/esp32s3_dev/esp_libc/src/scandir.c.o
Compiling .pio/build/esp32s3_dev/esp_libc/src/syscalls.c.o
Compiling .pio/build/esp32s3_dev/esp_libc/src/reent_syscalls.c.o
Compiling .pio/build/esp32s3_dev/esp_libc/src/port/esp_time_impl.c.o
Compiling .pio/build/esp32s3_dev/esp_libc/src/port/xtensa/stdatomic_s32c1i.c.o
Compiling .pio/build/esp32s3_dev/esp_libc/src/picolibc/picolibc_init.c.o
Compiling .pio/build/esp32s3_dev/esp_libc/src/picolibc/rand.c.o
Compiling .pio/build/esp32s3_dev/esp_libc/src/picolibc/open_memstream.c.o
Compiling .pio/build/esp32s3_dev/esp_libc/src/picolibc/errno.c.o
Compiling .pio/build/esp32s3_dev/esp_libc/src/picolibc/bufio_setvbuf.c.o
Compiling .pio/build/esp32s3_dev/esp_libc/src/picolibc/getreent.c.o
Archiving .pio/build/esp32s3_dev/esp-idf/esp_hw_support/libesp_hw_support.a
Compiling .pio/build/esp32s3_dev/esp_libc/src/picolibc/fopencookie.c.o
Indexing .pio/build/esp32s3_dev/esp-idf/esp_hw_support/libesp_hw_support.a
Compiling .pio/build/esp32s3_dev/esp_local_ctrl/src/esp_local_ctrl.c.o
Compiling .pio/build/esp32s3_dev/esp_local_ctrl/src/esp_local_ctrl_handler.c.o
Compiling .pio/build/esp32s3_dev/esp_local_ctrl/proto-c/esp_local_ctrl.pb-c.c.o
Compiling .pio/build/esp32s3_dev/esp_local_ctrl/src/esp_local_ctrl_transport_httpd.c.o
Compiling .pio/build/esp32s3_dev/esp_mm/esp_mmu_map.c.o
Compiling .pio/build/esp32s3_dev/esp_mm/port/esp32s3/ext_mem_layout.c.o
Compiling .pio/build/esp32s3_dev/esp_mm/esp_cache_msync.c.o
Compiling .pio/build/esp32s3_dev/esp_mm/esp_cache_utils.c.o
Compiling .pio/build/esp32s3_dev/esp_netif/esp_netif_handlers.c.o
Compiling .pio/build/esp32s3_dev/esp_netif/esp_netif_objects.c.o
Compiling .pio/build/esp32s3_dev/esp_netif/esp_netif_defaults.c.o
Compiling .pio/build/esp32s3_dev/esp_netif/lwip/esp_netif_lwip.c.o
Archiving .pio/build/esp32s3_dev/esp-idf/esp_lcd/libesp_lcd.a
Archiving .pio/build/esp32s3_dev/esp-idf/esp_local_ctrl/libesp_local_ctrl.a
Indexing .pio/build/esp32s3_dev/esp-idf/esp_local_ctrl/libesp_local_ctrl.a
Indexing .pio/build/esp32s3_dev/esp-idf/esp_lcd/libesp_lcd.a
Compiling .pio/build/esp32s3_dev/esp_netif/lwip/esp_netif_sntp.c.o
Archiving .pio/build/esp32s3_dev/esp-idf/esp_libc/libesp_libc.a
Compiling .pio/build/esp32s3_dev/esp_netif/lwip/esp_netif_lwip_defaults.c.o
Compiling .pio/build/esp32s3_dev/esp_netif/lwip/netif/wlanif.c.o
Compiling .pio/build/esp32s3_dev/esp_netif/lwip/netif/ethernetif.c.o
Compiling .pio/build/esp32s3_dev/esp_netif/lwip/netif/esp_pbuf_ref.c.o
Indexing .pio/build/esp32s3_dev/esp-idf/esp_libc/libesp_libc.a
Compiling .pio/build/esp32s3_dev/esp_partition/partition.c.o
Compiling .pio/build/esp32s3_dev/esp_partition/partition_target.c.o
Archiving .pio/build/esp32s3_dev/esp-idf/esp_mm/libesp_mm.a
Indexing .pio/build/esp32s3_dev/esp-idf/esp_mm/libesp_mm.a
Compiling .pio/build/esp32s3_dev/esp_phy/src/phy_override.c.o
Compiling .pio/build/esp32s3_dev/esp_phy/src/lib_printf.c.o
Compiling .pio/build/esp32s3_dev/esp_phy/src/phy_common.c.o
Compiling .pio/build/esp32s3_dev/esp_phy/src/phy_init.c.o
Compiling .pio/build/esp32s3_dev/esp_phy/esp32s3/phy_init_data.c.o
Compiling .pio/build/esp32s3_dev/esp_phy/src/btbb_init.c.o
Compiling .pio/build/esp32s3_dev/esp_pm/pm_locks.c.o
Compiling .pio/build/esp32s3_dev/esp_pm/pm_trace.c.o
Compiling .pio/build/esp32s3_dev/esp_pm/pm_impl.c.o
Compiling .pio/build/esp32s3_dev/esp_psram/system_layer/esp_psram_mspi.c.o
Compiling .pio/build/esp32s3_dev/esp_psram/system_layer/esp_psram.c.o
Archiving .pio/build/esp32s3_dev/esp-idf/esp_partition/libesp_partition.a
Indexing .pio/build/esp32s3_dev/esp-idf/esp_partition/libesp_partition.a
Compiling .pio/build/esp32s3_dev/esp_psram/esp32s3/esp_psram_impl_octal.c.o
Compiling .pio/build/esp32s3_dev/esp_psram/xip_impl/mmu_psram_flash.c.o
Compiling .pio/build/esp32s3_dev/esp_ringbuf/ringbuf.c.o
Compiling .pio/build/esp32s3_dev/esp_rom/patches/esp_rom_sys.c.o
Compiling .pio/build/esp32s3_dev/esp_rom/patches/esp_rom_print.c.o
Compiling .pio/build/esp32s3_dev/esp_rom/patches/esp_rom_crc.c.o
Compiling .pio/build/esp32s3_dev/esp_rom/patches/esp_rom_serial_output.c.o
Compiling .pio/build/esp32s3_dev/esp_rom/patches/esp_rom_spiflash.c.o
Compiling .pio/build/esp32s3_dev/esp_rom/patches/esp_rom_efuse.c.o
Compiling .pio/build/esp32s3_dev/esp_rom/patches/esp_rom_gpio.c.o
Archiving .pio/build/esp32s3_dev/esp-idf/esp_pm/libesp_pm.a
Archiving .pio/build/esp32s3_dev/esp-idf/esp_phy/libesp_phy.a
Compiling .pio/build/esp32s3_dev/esp_rom/patches/esp_rom_longjmp.S.o
Indexing .pio/build/esp32s3_dev/esp-idf/esp_pm/libesp_pm.a
Indexing .pio/build/esp32s3_dev/esp-idf/esp_phy/libesp_phy.a
Compiling .pio/build/esp32s3_dev/esp_rom/patches/esp_rom_systimer.c.o
Compiling .pio/build/esp32s3_dev/esp_rom/patches/esp_rom_cache_esp32s2_esp32s3.c.o
Compiling .pio/build/esp32s3_dev/esp_rom/patches/esp_rom_cache_writeback_esp32s3.S.o
Compiling .pio/build/esp32s3_dev/esp_security/src/init.c.o
Archiving .pio/build/esp32s3_dev/esp-idf/esp_psram/libesp_psram.a
Archiving .pio/build/esp32s3_dev/esp-idf/esp_rom/libesp_rom.a
Indexing .pio/build/esp32s3_dev/esp-idf/esp_psram/libesp_psram.a
Compiling .pio/build/esp32s3_dev/esp_security/src/esp_hmac.c.o
Indexing .pio/build/esp32s3_dev/esp-idf/esp_rom/libesp_rom.a
Compiling .pio/build/esp32s3_dev/esp_security/src/esp_ds.c.o
Compiling .pio/build/esp32s3_dev/esp_security/src/esp_crypto_lock.c.o
Compiling .pio/build/esp32s3_dev/esp_security/src/esp_crypto_periph_clk.c.o
Compiling .pio/build/esp32s3_dev/esp_stdio/stdio_vfs.c.o
Archiving .pio/build/esp32s3_dev/esp-idf/esp_netif/libesp_netif.a
Compiling .pio/build/esp32s3_dev/esp_stdio/stdio_simple.c.o
Compiling .pio/build/esp32s3_dev/esp_stdio/stdio_syscalls_simple.c.o
Indexing .pio/build/esp32s3_dev/esp-idf/esp_netif/libesp_netif.a
Compiling .pio/build/esp32s3_dev/esp_system/esp_err.c.o
Archiving .pio/build/esp32s3_dev/esp-idf/esp_ringbuf/libesp_ringbuf.a
Indexing .pio/build/esp32s3_dev/esp-idf/esp_ringbuf/libesp_ringbuf.a
Compiling .pio/build/esp32s3_dev/esp_system/crosscore_int.c.o
Compiling .pio/build/esp32s3_dev/esp_system/esp_ipc.c.o
Archiving .pio/build/esp32s3_dev/esp-idf/esp_security/libesp_security.a
Compiling .pio/build/esp32s3_dev/esp_system/freertos_hooks.c.o
Indexing .pio/build/esp32s3_dev/esp-idf/esp_security/libesp_security.a
Compiling .pio/build/esp32s3_dev/esp_system/int_wdt.c.o
Compiling .pio/build/esp32s3_dev/esp_system/panic.c.o
Compiling .pio/build/esp32s3_dev/esp_system/esp_system.c.o
Archiving .pio/build/esp32s3_dev/esp-idf/esp_stdio/libesp_stdio.a
Compiling .pio/build/esp32s3_dev/esp_system/startup.c.o
Indexing .pio/build/esp32s3_dev/esp-idf/esp_stdio/libesp_stdio.a
Compiling .pio/build/esp32s3_dev/esp_system/startup_funcs.c.o
Compiling .pio/build/esp32s3_dev/esp_system/system_time.c.o
Compiling .pio/build/esp32s3_dev/esp_system/stack_check.c.o
Compiling .pio/build/esp32s3_dev/esp_system/ubsan.c.o
Compiling .pio/build/esp32s3_dev/esp_system/xt_wdt.c.o
Compiling .pio/build/esp32s3_dev/esp_system/task_wdt/task_wdt.c.o
Compiling .pio/build/esp32s3_dev/esp_system/task_wdt/task_wdt_impl_timergroup.c.o
Compiling .pio/build/esp32s3_dev/esp_system/port/cpu_start.c.o
Compiling .pio/build/esp32s3_dev/esp_system/port/panic_handler.c.o
Compiling .pio/build/esp32s3_dev/esp_system/port/esp_system_chip.c.o
Compiling .pio/build/esp32s3_dev/esp_system/port/image_process.c.o
Compiling .pio/build/esp32s3_dev/esp_system/port/esp_ipc_isr.c.o
Compiling .pio/build/esp32s3_dev/esp_system/port/arch/xtensa/esp_ipc_isr_port.c.o
Compiling .pio/build/esp32s3_dev/esp_system/port/arch/xtensa/esp_ipc_isr_handler.S.o
Compiling .pio/build/esp32s3_dev/esp_system/port/arch/xtensa/esp_ipc_isr_routines.S.o
Compiling .pio/build/esp32s3_dev/esp_system/port/arch/xtensa/panic_arch.c.o
Compiling .pio/build/esp32s3_dev/esp_system/port/arch/xtensa/panic_handler_asm.S.o
Compiling .pio/build/esp32s3_dev/esp_system/port/arch/xtensa/expression_with_stack.c.o
Compiling .pio/build/esp32s3_dev/esp_system/port/arch/xtensa/expression_with_stack_asm.S.o
Compiling .pio/build/esp32s3_dev/esp_system/port/arch/xtensa/debug_helpers.c.o
Compiling .pio/build/esp32s3_dev/esp_system/port/arch/xtensa/debug_helpers_asm.S.o
Compiling .pio/build/esp32s3_dev/esp_system/port/arch/xtensa/debug_stubs.c.o
Compiling .pio/build/esp32s3_dev/esp_system/port/arch/xtensa/trax.c.o
Compiling .pio/build/esp32s3_dev/esp_system/port/soc/esp32s3/highint_hdl.S.o
Compiling .pio/build/esp32s3_dev/esp_system/port/soc/esp32s3/clk.c.o
Compiling .pio/build/esp32s3_dev/esp_system/port/soc/esp32s3/reset_reason.c.o
Compiling .pio/build/esp32s3_dev/esp_system/port/soc/esp32s3/system_internal.c.o
Compiling .pio/build/esp32s3_dev/esp_system/port/soc/esp32s3/cache_err_int.c.o
Compiling .pio/build/esp32s3_dev/esp_system/port/soc/esp32s3/apb_backup_dma.c.o
Compiling .pio/build/esp32s3_dev/esp_timer/src/esp_timer.c.o
Compiling .pio/build/esp32s3_dev/esp_timer/src/esp_timer_init.c.o
Compiling .pio/build/esp32s3_dev/esp_timer/src/ets_timer_legacy.c.o
Compiling .pio/build/esp32s3_dev/esp_timer/src/system_time.c.o
Compiling .pio/build/esp32s3_dev/esp_timer/src/esp_timer_impl_common.c.o
Compiling .pio/build/esp32s3_dev/esp_timer/src/esp_timer_impl_systimer.c.o
Compiling .pio/build/esp32s3_dev/esp_usb_cdc_rom_console/usb_console.c.o
Compiling .pio/build/esp32s3_dev/esp_usb_cdc_rom_console/vfs_cdcacm.c.o
Compiling .pio/build/esp32s3_dev/esp_wifi/src/lib_printf.c.o
Archiving .pio/build/esp32s3_dev/esp-idf/esp_system/libesp_system.a
Compiling .pio/build/esp32s3_dev/esp_wifi/src/mesh_event.c.o
Indexing .pio/build/esp32s3_dev/esp-idf/esp_system/libesp_system.a
Compiling .pio/build/esp32s3_dev/esp_wifi/src/smartconfig.c.o
Compiling .pio/build/esp32s3_dev/esp_wifi/src/wifi_init.c.o
Compiling .pio/build/esp32s3_dev/esp_wifi/src/wifi_default.c.o
Compiling .pio/build/esp32s3_dev/esp_wifi/src/wifi_netif.c.o
Archiving .pio/build/esp32s3_dev/esp-idf/esp_timer/libesp_timer.a
Compiling .pio/build/esp32s3_dev/esp_wifi/src/wifi_default_ap.c.o
Indexing .pio/build/esp32s3_dev/esp-idf/esp_timer/libesp_timer.a
Compiling .pio/build/esp32s3_dev/esp_wifi/esp32s3/esp_adapter.c.o
Compiling .pio/build/esp32s3_dev/esp_wifi/regulatory/esp_wifi_regulatory.c.o
Compiling .pio/build/esp32s3_dev/esp_wifi/src/smartconfig_ack.c.o
Compiling .pio/build/esp32s3_dev/fatfs/diskio/diskio.c.o
Archiving .pio/build/esp32s3_dev/esp-idf/esp_usb_cdc_rom_console/libesp_usb_cdc_rom_console.a
Compiling .pio/build/esp32s3_dev/fatfs/diskio/diskio_rawflash.c.o
Indexing .pio/build/esp32s3_dev/esp-idf/esp_usb_cdc_rom_console/libesp_usb_cdc_rom_console.a
Compiling .pio/build/esp32s3_dev/fatfs/diskio/diskio_wl.c.o
Compiling .pio/build/esp32s3_dev/fatfs/src/ff.c.o
Compiling .pio/build/esp32s3_dev/fatfs/src/ffunicode.c.o
Compiling .pio/build/esp32s3_dev/fatfs/port/freertos/ffsystem.c.o
Compiling .pio/build/esp32s3_dev/fatfs/diskio/diskio_sdmmc.c.o
Compiling .pio/build/esp32s3_dev/fatfs/vfs/vfs_fat.c.o
Compiling .pio/build/esp32s3_dev/fatfs/vfs/vfs_fat_sdmmc.c.o
Compiling .pio/build/esp32s3_dev/fatfs/vfs/vfs_fat_spiflash.c.o
Compiling .pio/build/esp32s3_dev/freertos/heap_idf.c.o
Compiling .pio/build/esp32s3_dev/freertos/app_startup.c.o
Archiving .pio/build/esp32s3_dev/esp-idf/esp_wifi/libesp_wifi.a
Compiling .pio/build/esp32s3_dev/freertos/port_common.c.o
Indexing .pio/build/esp32s3_dev/esp-idf/esp_wifi/libesp_wifi.a
Compiling .pio/build/esp32s3_dev/freertos/port_systick.c.o
Compiling .pio/build/esp32s3_dev/freertos/FreeRTOS-Kernel/list.c.o
Compiling .pio/build/esp32s3_dev/freertos/FreeRTOS-Kernel/queue.c.o
Compiling .pio/build/esp32s3_dev/freertos/FreeRTOS-Kernel/tasks.c.o
Compiling .pio/build/esp32s3_dev/freertos/FreeRTOS-Kernel/timers.c.o
Compiling .pio/build/esp32s3_dev/freertos/FreeRTOS-Kernel/event_groups.c.o
Compiling .pio/build/esp32s3_dev/freertos/FreeRTOS-Kernel/stream_buffer.c.o
Compiling .pio/build/esp32s3_dev/freertos/FreeRTOS-Kernel/portable/xtensa/port.c.o
Compiling .pio/build/esp32s3_dev/freertos/FreeRTOS-Kernel/portable/xtensa/portasm.S.o
Compiling .pio/build/esp32s3_dev/freertos/FreeRTOS-Kernel/portable/xtensa/xtensa_init.c.o
Compiling .pio/build/esp32s3_dev/freertos/FreeRTOS-Kernel/portable/xtensa/xtensa_overlay_os_hook.c.o
Compiling .pio/build/esp32s3_dev/freertos/esp_additions/idf_additions_event_groups.c.o
Compiling .pio/build/esp32s3_dev/freertos/esp_additions/idf_additions.c.o
Compiling .pio/build/esp32s3_dev/hal/hal_utils.c.o
Compiling .pio/build/esp32s3_dev/hal/efuse_hal.c.o
Compiling .pio/build/esp32s3_dev/hal/esp32s3/efuse_hal.c.o
Compiling .pio/build/esp32s3_dev/hal/mmu_hal.c.o
Compiling .pio/build/esp32s3_dev/hal/cache_hal.c.o
Compiling .pio/build/esp32s3_dev/hal/color_hal.c.o
Compiling .pio/build/esp32s3_dev/hal/systimer_hal.c.o
Compiling .pio/build/esp32s3_dev/heap/heap_caps_base.c.o
Compiling .pio/build/esp32s3_dev/heap/heap_caps.c.o
Compiling .pio/build/esp32s3_dev/heap/heap_caps_init.c.o
Compiling .pio/build/esp32s3_dev/heap/multi_heap.c.o
Compiling .pio/build/esp32s3_dev/heap/tlsf/tlsf.c.o
Archiving .pio/build/esp32s3_dev/esp-idf/hal/libhal.a
Compiling .pio/build/esp32s3_dev/heap/port/memory_layout_utils.c.o
Indexing .pio/build/esp32s3_dev/esp-idf/hal/libhal.a
Compiling .pio/build/esp32s3_dev/heap/port/esp32s3/memory_layout.c.o
Compiling .pio/build/esp32s3_dev/http_parser/http_parser.c.o
Compiling .pio/build/esp32s3_dev/log/src/os/log_timestamp.c.o
Compiling .pio/build/esp32s3_dev/log/src/log_timestamp_common.c.o
Compiling .pio/build/esp32s3_dev/log/src/os/log_lock.c.o
Compiling .pio/build/esp32s3_dev/log/src/buffer/log_buffers.c.o
Compiling .pio/build/esp32s3_dev/log/src/os/util.c.o
Compiling .pio/build/esp32s3_dev/log/src/util.c.o
Compiling .pio/build/esp32s3_dev/log/src/log_format_text.c.o
Compiling .pio/build/esp32s3_dev/log/src/log_print.c.o
Compiling .pio/build/esp32s3_dev/log/src/log.c.o
Compiling .pio/build/esp32s3_dev/log/src/os/log_write.c.o
Compiling .pio/build/esp32s3_dev/log/src/log_level/log_level.c.o
Compiling .pio/build/esp32s3_dev/log/src/log_level/tag_log_level/tag_log_level.c.o
Archiving .pio/build/esp32s3_dev/esp-idf/fatfs/libfatfs.a
Compiling .pio/build/esp32s3_dev/log/src/log_level/tag_log_level/linked_list/log_linked_list.c.o
Compiling .pio/build/esp32s3_dev/log/src/log_level/tag_log_level/cache/log_binary_heap.c.o
Indexing .pio/build/esp32s3_dev/esp-idf/fatfs/libfatfs.a
Compiling .pio/build/esp32s3_dev/lwip/apps/sntp/sntp.c.o
Compiling .pio/build/esp32s3_dev/lwip/lwip/src/api/api_lib.c.o
Compiling .pio/build/esp32s3_dev/lwip/lwip/src/api/api_msg.c.o
Compiling .pio/build/esp32s3_dev/lwip/lwip/src/api/err.c.o
Archiving .pio/build/esp32s3_dev/esp-idf/log/liblog.a
Compiling .pio/build/esp32s3_dev/lwip/lwip/src/api/if_api.c.o
Archiving .pio/build/esp32s3_dev/esp-idf/freertos/libfreertos.a
Indexing .pio/build/esp32s3_dev/esp-idf/log/liblog.a
Compiling .pio/build/esp32s3_dev/lwip/lwip/src/api/netbuf.c.o
Compiling .pio/build/esp32s3_dev/lwip/lwip/src/api/netdb.c.o
Indexing .pio/build/esp32s3_dev/esp-idf/freertos/libfreertos.a
Compiling .pio/build/esp32s3_dev/lwip/lwip/src/api/netifapi.c.o
Compiling .pio/build/esp32s3_dev/lwip/lwip/src/api/sockets.c.o
Compiling .pio/build/esp32s3_dev/lwip/lwip/src/api/tcpip.c.o
Compiling .pio/build/esp32s3_dev/lwip/lwip/src/apps/sntp/sntp.c.o
Compiling .pio/build/esp32s3_dev/lwip/lwip/src/apps/netbiosns/netbiosns.c.o
Compiling .pio/build/esp32s3_dev/lwip/lwip/src/core/def.c.o
Compiling .pio/build/esp32s3_dev/lwip/lwip/src/core/dns.c.o
Compiling .pio/build/esp32s3_dev/lwip/lwip/src/core/inet_chksum.c.o
Compiling .pio/build/esp32s3_dev/lwip/lwip/src/core/init.c.o
Compiling .pio/build/esp32s3_dev/lwip/lwip/src/core/ip.c.o
Compiling .pio/build/esp32s3_dev/lwip/lwip/src/core/mem.c.o
Archiving .pio/build/esp32s3_dev/esp-idf/heap/libheap.a
Indexing .pio/build/esp32s3_dev/esp-idf/heap/libheap.a
Compiling .pio/build/esp32s3_dev/lwip/lwip/src/core/memp.c.o
Compiling .pio/build/esp32s3_dev/lwip/lwip/src/core/netif.c.o
Compiling .pio/build/esp32s3_dev/lwip/lwip/src/core/pbuf.c.o
Compiling .pio/build/esp32s3_dev/lwip/lwip/src/core/raw.c.o
Compiling .pio/build/esp32s3_dev/lwip/lwip/src/core/stats.c.o
Compiling .pio/build/esp32s3_dev/lwip/lwip/src/core/sys.c.o
Compiling .pio/build/esp32s3_dev/lwip/lwip/src/core/tcp.c.o
Compiling .pio/build/esp32s3_dev/lwip/lwip/src/core/tcp_in.c.o
Compiling .pio/build/esp32s3_dev/lwip/lwip/src/core/tcp_out.c.o
Compiling .pio/build/esp32s3_dev/lwip/lwip/src/core/timeouts.c.o
Archiving .pio/build/esp32s3_dev/esp-idf/http_parser/libhttp_parser.a
Compiling .pio/build/esp32s3_dev/lwip/lwip/src/core/udp.c.o
Compiling .pio/build/esp32s3_dev/lwip/lwip/src/core/ipv4/autoip.c.o
Indexing .pio/build/esp32s3_dev/esp-idf/http_parser/libhttp_parser.a
Compiling .pio/build/esp32s3_dev/lwip/lwip/src/core/ipv4/dhcp.c.o
Compiling .pio/build/esp32s3_dev/lwip/lwip/src/core/ipv4/etharp.c.o
Compiling .pio/build/esp32s3_dev/lwip/lwip/src/core/ipv4/icmp.c.o
Compiling .pio/build/esp32s3_dev/lwip/lwip/src/core/ipv4/igmp.c.o
Compiling .pio/build/esp32s3_dev/lwip/lwip/src/core/ipv4/ip4.c.o
Compiling .pio/build/esp32s3_dev/lwip/lwip/src/core/ipv4/ip4_napt.c.o
Compiling .pio/build/esp32s3_dev/lwip/lwip/src/core/ipv4/ip4_addr.c.o
Compiling .pio/build/esp32s3_dev/lwip/lwip/src/core/ipv4/ip4_frag.c.o
Compiling .pio/build/esp32s3_dev/lwip/lwip/src/core/ipv6/dhcp6.c.o
Compiling .pio/build/esp32s3_dev/lwip/lwip/src/core/ipv6/ethip6.c.o
Compiling .pio/build/esp32s3_dev/lwip/lwip/src/core/ipv6/icmp6.c.o
Compiling .pio/build/esp32s3_dev/lwip/lwip/src/core/ipv6/inet6.c.o
Compiling .pio/build/esp32s3_dev/lwip/lwip/src/core/ipv6/ip6.c.o
Compiling .pio/build/esp32s3_dev/lwip/lwip/src/core/ipv6/ip6_addr.c.o
Compiling .pio/build/esp32s3_dev/lwip/lwip/src/core/ipv6/ip6_frag.c.o
Compiling .pio/build/esp32s3_dev/lwip/lwip/src/core/ipv6/mld6.c.o
Compiling .pio/build/esp32s3_dev/lwip/lwip/src/core/ipv6/nd6.c.o
Compiling .pio/build/esp32s3_dev/lwip/lwip/src/netif/ethernet.c.o
Compiling .pio/build/esp32s3_dev/lwip/lwip/src/netif/bridgeif.c.o
Compiling .pio/build/esp32s3_dev/lwip/lwip/src/netif/bridgeif_fdb.c.o
Compiling .pio/build/esp32s3_dev/lwip/lwip/src/netif/slipif.c.o
Compiling .pio/build/esp32s3_dev/lwip/lwip/src/netif/ppp/auth.c.o
Compiling .pio/build/esp32s3_dev/lwip/lwip/src/netif/ppp/ccp.c.o
Compiling .pio/build/esp32s3_dev/lwip/lwip/src/netif/ppp/chap-md5.c.o
Compiling .pio/build/esp32s3_dev/lwip/lwip/src/netif/ppp/chap-new.c.o
Compiling .pio/build/esp32s3_dev/lwip/lwip/src/netif/ppp/chap_ms.c.o
Compiling .pio/build/esp32s3_dev/lwip/lwip/src/netif/ppp/demand.c.o
Compiling .pio/build/esp32s3_dev/lwip/lwip/src/netif/ppp/eap.c.o
Compiling .pio/build/esp32s3_dev/lwip/lwip/src/netif/ppp/ecp.c.o
Compiling .pio/build/esp32s3_dev/lwip/lwip/src/netif/ppp/eui64.c.o
Compiling .pio/build/esp32s3_dev/lwip/lwip/src/netif/ppp/fsm.c.o
Compiling .pio/build/esp32s3_dev/lwip/lwip/src/netif/ppp/ipcp.c.o
Compiling .pio/build/esp32s3_dev/lwip/lwip/src/netif/ppp/ipv6cp.c.o
Compiling .pio/build/esp32s3_dev/lwip/lwip/src/netif/ppp/lcp.c.o
Compiling .pio/build/esp32s3_dev/lwip/lwip/src/netif/ppp/magic.c.o
Compiling .pio/build/esp32s3_dev/lwip/lwip/src/netif/ppp/mppe.c.o
Compiling .pio/build/esp32s3_dev/lwip/lwip/src/netif/ppp/multilink.c.o
Compiling .pio/build/esp32s3_dev/lwip/lwip/src/netif/ppp/ppp.c.o
Compiling .pio/build/esp32s3_dev/lwip/lwip/src/netif/ppp/pppapi.c.o
Compiling .pio/build/esp32s3_dev/lwip/lwip/src/netif/ppp/pppcrypt.c.o
Compiling .pio/build/esp32s3_dev/lwip/lwip/src/netif/ppp/pppoe.c.o
Compiling .pio/build/esp32s3_dev/lwip/lwip/src/netif/ppp/pppol2tp.c.o
Compiling .pio/build/esp32s3_dev/lwip/lwip/src/netif/ppp/pppos.c.o
Compiling .pio/build/esp32s3_dev/lwip/lwip/src/netif/ppp/upap.c.o
Compiling .pio/build/esp32s3_dev/lwip/lwip/src/netif/ppp/utils.c.o
Compiling .pio/build/esp32s3_dev/lwip/lwip/src/netif/ppp/vj.c.o
Compiling .pio/build/esp32s3_dev/lwip/port/hooks/tcp_isn_default.c.o
Compiling .pio/build/esp32s3_dev/lwip/port/hooks/lwip_default_hooks.c.o
Compiling .pio/build/esp32s3_dev/lwip/port/debug/lwip_debug.c.o
Compiling .pio/build/esp32s3_dev/lwip/port/sockets_ext.c.o
Compiling .pio/build/esp32s3_dev/lwip/port/freertos/sys_arch.c.o
Compiling .pio/build/esp32s3_dev/lwip/port/if_index.c.o
Compiling .pio/build/esp32s3_dev/lwip/port/acd_dhcp_check.c.o
Compiling .pio/build/esp32s3_dev/lwip/port/esp32xx/vfs_lwip.c.o
Compiling .pio/build/esp32s3_dev/lwip/apps/ping/ping_sock.c.o
Compiling .pio/build/esp32s3_dev/lwip/lwip/src/netif/ppp/polarssl/arc4.c.o
Compiling .pio/build/esp32s3_dev/lwip/lwip/src/netif/ppp/polarssl/des.c.o
Compiling .pio/build/esp32s3_dev/lwip/lwip/src/netif/ppp/polarssl/md4.c.o
Compiling .pio/build/esp32s3_dev/lwip/lwip/src/netif/ppp/polarssl/md5.c.o
Compiling .pio/build/esp32s3_dev/lwip/lwip/src/netif/ppp/polarssl/sha1.c.o
Compiling .pio/build/esp32s3_dev/lwip/apps/dhcpserver/dhcpserver.c.o
Compiling .pio/build/esp32s3_dev/mbedtls/esp_crt_bundle/esp_crt_bundle.c.o
Compiling .pio/build/esp32s3_dev/.pio/build/esp32s3_dev/x509_crt_bundle.S.o
Compiling .pio/build/esp32s3_dev/nvs_flash/src/nvs_api.cpp.o
Compiling .pio/build/esp32s3_dev/nvs_flash/src/nvs_cxx_api.cpp.o
Compiling .pio/build/esp32s3_dev/nvs_flash/src/nvs_item_hash_list.cpp.o
Compiling .pio/build/esp32s3_dev/nvs_flash/src/nvs_page.cpp.o
Compiling .pio/build/esp32s3_dev/nvs_flash/src/nvs_pagemanager.cpp.o
Compiling .pio/build/esp32s3_dev/nvs_flash/src/nvs_storage.cpp.o
Compiling .pio/build/esp32s3_dev/nvs_flash/src/nvs_handle_simple.cpp.o
Compiling .pio/build/esp32s3_dev/nvs_flash/src/nvs_handle_locked.cpp.o
Compiling .pio/build/esp32s3_dev/nvs_flash/src/nvs_partition.cpp.o
Compiling .pio/build/esp32s3_dev/nvs_flash/src/nvs_partition_lookup.cpp.o
Compiling .pio/build/esp32s3_dev/nvs_flash/src/nvs_partition_manager.cpp.o
Compiling .pio/build/esp32s3_dev/nvs_flash/src/nvs_types.cpp.o
Compiling .pio/build/esp32s3_dev/nvs_flash/src/nvs_platform.cpp.o
Compiling .pio/build/esp32s3_dev/nvs_flash/src/nvs_bootloader.c.o
Compiling .pio/build/esp32s3_dev/nvs_flash/src/nvs_encrypted_partition.cpp.o
Archiving .pio/build/esp32s3_dev/esp-idf/mbedtls/libmbedtls.a
Archiving .pio/build/esp32s3_dev/esp-idf/lwip/liblwip.a
Indexing .pio/build/esp32s3_dev/esp-idf/mbedtls/libmbedtls.a
Compiling .pio/build/esp32s3_dev/nvs_flash/src/nvs_bootloader_aes.c.o
Compiling .pio/build/esp32s3_dev/nvs_flash/src/nvs_bootloader_xts_aes.c.o
Indexing .pio/build/esp32s3_dev/esp-idf/lwip/liblwip.a
Compiling .pio/build/esp32s3_dev/nvs_sec_provider/nvs_sec_provider.c.o
Compiling .pio/build/esp32s3_dev/perfmon/xtensa_perfmon_access.c.o
Compiling .pio/build/esp32s3_dev/perfmon/xtensa_perfmon_apis.c.o
Archiving .pio/build/esp32s3_dev/esp-idf/nvs_sec_provider/libnvs_sec_provider.a
Indexing .pio/build/esp32s3_dev/esp-idf/nvs_sec_provider/libnvs_sec_provider.a
Compiling .pio/build/esp32s3_dev/perfmon/xtensa_perfmon_masks.c.o
Compiling .pio/build/esp32s3_dev/protobuf-c/protobuf-c/protobuf-c/protobuf-c.c.o
Compiling .pio/build/esp32s3_dev/protocomm/src/common/protocomm.c.o
Archiving .pio/build/esp32s3_dev/esp-idf/perfmon/libperfmon.a
Compiling .pio/build/esp32s3_dev/protocomm/proto-c/constants.pb-c.c.o
Indexing .pio/build/esp32s3_dev/esp-idf/perfmon/libperfmon.a
Compiling .pio/build/esp32s3_dev/protocomm/proto-c/sec0.pb-c.c.o
Compiling .pio/build/esp32s3_dev/protocomm/proto-c/sec1.pb-c.c.o
Compiling .pio/build/esp32s3_dev/protocomm/proto-c/sec2.pb-c.c.o
Compiling .pio/build/esp32s3_dev/protocomm/proto-c/session.pb-c.c.o
Compiling .pio/build/esp32s3_dev/protocomm/src/transports/protocomm_console.c.o
Compiling .pio/build/esp32s3_dev/protocomm/src/transports/protocomm_httpd.c.o
Compiling .pio/build/esp32s3_dev/protocomm/src/security/security2.c.o
Compiling .pio/build/esp32s3_dev/protocomm/src/crypto/srp6a/esp_srp.c.o
Compiling .pio/build/esp32s3_dev/protocomm/src/crypto/srp6a/esp_srp_mpi.c.o
Compiling .pio/build/esp32s3_dev/pthread/pthread.c.o
Compiling .pio/build/esp32s3_dev/pthread/pthread_cond_var.c.o
Archiving .pio/build/esp32s3_dev/esp-idf/protobuf-c/libprotobuf-c.a
Compiling .pio/build/esp32s3_dev/pthread/pthread_local_storage.c.o
Indexing .pio/build/esp32s3_dev/esp-idf/protobuf-c/libprotobuf-c.a
Archiving .pio/build/esp32s3_dev/esp-idf/protocomm/libprotocomm.a
Indexing .pio/build/esp32s3_dev/esp-idf/protocomm/libprotocomm.a
Compiling .pio/build/esp32s3_dev/pthread/pthread_rwlock.c.o
Compiling .pio/build/esp32s3_dev/pthread/pthread_semaphore.c.o
Compiling .pio/build/esp32s3_dev/rt/FreeRTOS_POSIX_mqueue.c.o
Compiling .pio/build/esp32s3_dev/rt/FreeRTOS_POSIX_utils.c.o
Compiling .pio/build/esp32s3_dev/sdmmc/sdmmc_cmd.c.o
Compiling .pio/build/esp32s3_dev/sdmmc/sdmmc_common.c.o
Compiling .pio/build/esp32s3_dev/sdmmc/sdmmc_init.c.o
Compiling .pio/build/esp32s3_dev/sdmmc/sdmmc_mmc.c.o
Compiling .pio/build/esp32s3_dev/sdmmc/sdmmc_sd.c.o
Archiving .pio/build/esp32s3_dev/esp-idf/pthread/libpthread.a
Compiling .pio/build/esp32s3_dev/sdmmc/sdmmc_blockdev.c.o
Indexing .pio/build/esp32s3_dev/esp-idf/pthread/libpthread.a
Compiling .pio/build/esp32s3_dev/sdmmc/sd_pwr_ctrl/sd_pwr_ctrl.c.o
Compiling .pio/build/esp32s3_dev/sdmmc/sdmmc_io.c.o
Compiling .pio/build/esp32s3_dev/soc/lldesc.c.o
Compiling .pio/build/esp32s3_dev/soc/dport_access_common.c.o
Compiling .pio/build/esp32s3_dev/soc/esp32s3/interrupts.c.o
Archiving .pio/build/esp32s3_dev/esp-idf/rt/librt.a
Indexing .pio/build/esp32s3_dev/esp-idf/rt/librt.a
Compiling .pio/build/esp32s3_dev/soc/esp32s3/gpio_periph.c.o
Compiling .pio/build/esp32s3_dev/soc/esp32s3/mpi_periph.c.o
Compiling .pio/build/esp32s3_dev/soc/esp32s3/power_supply_periph.c.o
Compiling .pio/build/esp32s3_dev/spi_flash/flash_brownout_hook.c.o
Compiling .pio/build/esp32s3_dev/spi_flash/esp32s3/spi_flash_oct_flash_init.c.o
Archiving .pio/build/esp32s3_dev/esp-idf/soc/libsoc.a
Compiling .pio/build/esp32s3_dev/spi_flash/spi_flash_hpm_enable.c.o
Indexing .pio/build/esp32s3_dev/esp-idf/soc/libsoc.a
Compiling .pio/build/esp32s3_dev/spi_flash/spi_flash_chip_drivers.c.o
Archiving .pio/build/esp32s3_dev/esp-idf/nvs_flash/libnvs_flash.a
Archiving .pio/build/esp32s3_dev/esp-idf/sdmmc/libsdmmc.a
Compiling .pio/build/esp32s3_dev/spi_flash/spi_flash_chip_generic.c.o
Compiling .pio/build/esp32s3_dev/spi_flash/spi_flash_chip_issi.c.o
Indexing .pio/build/esp32s3_dev/esp-idf/sdmmc/libsdmmc.a
Compiling .pio/build/esp32s3_dev/spi_flash/spi_flash_chip_mxic.c.o
Indexing .pio/build/esp32s3_dev/esp-idf/nvs_flash/libnvs_flash.a
Compiling .pio/build/esp32s3_dev/spi_flash/spi_flash_chip_gd.c.o
Compiling .pio/build/esp32s3_dev/spi_flash/spi_flash_chip_winbond.c.o
Compiling .pio/build/esp32s3_dev/spi_flash/spi_flash_chip_boya.c.o
Compiling .pio/build/esp32s3_dev/spi_flash/spi_flash_chip_mxic_opi.c.o
Compiling .pio/build/esp32s3_dev/spi_flash/spi_flash_chip_th.c.o
Compiling .pio/build/esp32s3_dev/spi_flash/memspi_host_driver.c.o
Compiling .pio/build/esp32s3_dev/spi_flash/spi_flash_blockdev.c.o
Compiling .pio/build/esp32s3_dev/spi_flash/cache_utils.c.o
Compiling .pio/build/esp32s3_dev/spi_flash/flash_mmap.c.o
Compiling .pio/build/esp32s3_dev/spi_flash/flash_ops.c.o
Compiling .pio/build/esp32s3_dev/spi_flash/spi_flash_wrap.c.o
Compiling .pio/build/esp32s3_dev/spi_flash/esp_flash_api.c.o
Compiling .pio/build/esp32s3_dev/spi_flash/esp_flash_spi_init.c.o
Compiling .pio/build/esp32s3_dev/spi_flash/spi_flash_os_func_app.c.o
Compiling .pio/build/esp32s3_dev/spi_flash/spi_flash_os_func_noos.c.o
Compiling .pio/build/esp32s3_dev/spiffs/spiffs_api.c.o
Compiling .pio/build/esp32s3_dev/spiffs/spiffs/src/spiffs_cache.c.o
Compiling .pio/build/esp32s3_dev/spiffs/spiffs/src/spiffs_check.c.o
Compiling .pio/build/esp32s3_dev/spiffs/spiffs/src/spiffs_gc.c.o
Compiling .pio/build/esp32s3_dev/spiffs/spiffs/src/spiffs_hydrogen.c.o
Compiling .pio/build/esp32s3_dev/spiffs/spiffs/src/spiffs_nucleus.c.o
Compiling .pio/build/esp32s3_dev/spiffs/esp_spiffs.c.o
Compiling .pio/build/esp32s3_dev/tcp_transport/transport.c.o
Compiling .pio/build/esp32s3_dev/tcp_transport/transport_ssl.c.o
Compiling .pio/build/esp32s3_dev/tcp_transport/transport_internal.c.o
Compiling .pio/build/esp32s3_dev/tcp_transport/transport_socks_proxy.c.o
Compiling .pio/build/esp32s3_dev/tcp_transport/transport_ws.c.o
Compiling .pio/build/esp32s3_dev/unity/unity/src/unity.c.o
Compiling .pio/build/esp32s3_dev/unity/unity_compat.c.o
Compiling .pio/build/esp32s3_dev/unity/unity_runner.c.o
Compiling .pio/build/esp32s3_dev/unity/unity_utils_freertos.c.o
Archiving .pio/build/esp32s3_dev/esp-idf/spi_flash/libspi_flash.a
Compiling .pio/build/esp32s3_dev/unity/unity_utils_cache.c.o
Compiling .pio/build/esp32s3_dev/unity/unity_utils_memory.c.o
Compiling .pio/build/esp32s3_dev/unity/unity_port_esp32.c.o
Indexing .pio/build/esp32s3_dev/esp-idf/spi_flash/libspi_flash.a
Compiling .pio/build/esp32s3_dev/unity/port/esp/unity_utils_memory_esp.c.o
Compiling .pio/build/esp32s3_dev/vfs/vfs.c.o
Compiling .pio/build/esp32s3_dev/vfs/vfs_calls.c.o
Compiling .pio/build/esp32s3_dev/vfs/vfs_eventfd.c.o
Compiling .pio/build/esp32s3_dev/vfs/vfs_semihost.c.o
Compiling .pio/build/esp32s3_dev/vfs/nullfs.c.o
Compiling .pio/build/esp32s3_dev/wear_levelling/Partition.cpp.o
Compiling .pio/build/esp32s3_dev/wear_levelling/BDL_Access.cpp.o
Compiling .pio/build/esp32s3_dev/wear_levelling/SPI_Flash.cpp.o
Compiling .pio/build/esp32s3_dev/wear_levelling/WL_Ext_Perf.cpp.o
Compiling .pio/build/esp32s3_dev/wear_levelling/WL_Ext_Safe.cpp.o
/home/pranjal/.platformio/packages/framework-espidf/components/vfs/vfs.c:34:9: error: 'LOG_LOCAL_LEVEL' redefined [-Werror]
   34 | #define LOG_LOCAL_LEVEL ESP_LOG_NONE
      |         ^~~~~~~~~~~~~~~
<command-line>: note: this is the location of the previous definition
Compiling .pio/build/esp32s3_dev/wear_levelling/WL_Flash.cpp.o
Compiling .pio/build/esp32s3_dev/wear_levelling/crc32.cpp.o
Compiling .pio/build/esp32s3_dev/wear_levelling/wear_levelling.cpp.o
Archiving .pio/build/esp32s3_dev/esp-idf/unity/libunity.a
Compiling .pio/build/esp32s3_dev/wear_levelling/wl_blockdev.cpp.o
Indexing .pio/build/esp32s3_dev/esp-idf/unity/libunity.a
cc1: all warnings being treated as errors
Compiling .pio/build/esp32s3_dev/wpa_supplicant/port/os_xtensa.c.o
*** [.pio/build/esp32s3_dev/vfs/vfs.c.o] Error 1
========================= [FAILED] Took 26.14 seconds =========================

Environment    Status    Duration
-------------  --------  ------------
esp32s3_dev    FAILED    00:00:26.141
==================== 1 failed, 0 succeeded in 00:00:26.141 ====================
